// Jest Snapshot v1, https://goo.gl/fbAQLP

exports[`alertFieldDescriptorsFromAlertFieldSpreadsheetRows can parse the alert fields from json 1`] = `
Array [
  Array [
    Object {
      "description": "elasticsearch document ID of the alert document",
      "fieldOrFieldSet": "_id",
      "level": "required",
      "signalIndexFieldOrFieldsetEquivalent": "_id",
    },
    Object {
      "description": "alerts-as-data index in which this document exists",
      "fieldOrFieldSet": "_index",
      "level": "required",
      "signalIndexFieldOrFieldsetEquivalent": "_index",
    },
    Object {
      "description": "elasticsearch document score",
      "fieldOrFieldSet": "_score",
      "level": "required",
      "signalIndexFieldOrFieldsetEquivalent": "_score",
    },
    Object {
      "description": "elasticsearch type (_doc)",
      "fieldOrFieldSet": "_type",
      "level": "required",
      "signalIndexFieldOrFieldsetEquivalent": "_type",
    },
    Object {
      "description": "Field used by Kibana role-based access control and feature controls to filter by the alert consumer.",
      "fieldOrFieldSet": "kibana.consumers",
      "level": "required",
      "signalIndexFieldOrFieldsetEquivalent": undefined,
    },
    Object {
      "description": "Field used by the Kibana role-based access control and feature controls to filter by space_id",
      "fieldOrFieldSet": "kibana.space_ids",
      "level": "required",
      "signalIndexFieldOrFieldsetEquivalent": undefined,
    },
    Object {
      "description": "Version of Kibana that is writing the alert",
      "fieldOrFieldSet": "kibana.version",
      "level": "required",
      "signalIndexFieldOrFieldsetEquivalent": undefined,
    },
    Object {
      "description": "time when the alert was created or most recently updated",
      "fieldOrFieldSet": "@timestamp",
      "level": "required",
      "signalIndexFieldOrFieldsetEquivalent": "@timestamp",
    },
    Object {
      "description": "ECS base field copied from the source document when available",
      "fieldOrFieldSet": "message",
      "level": "optional",
      "signalIndexFieldOrFieldsetEquivalent": "message",
    },
    Object {
      "description": "ECS base field copied from the source document when available",
      "fieldOrFieldSet": "tags",
      "level": "optional",
      "signalIndexFieldOrFieldsetEquivalent": "tags",
    },
    Object {
      "description": "ECS base field copied from the source document when available",
      "fieldOrFieldSet": "labels",
      "level": "optional",
      "signalIndexFieldOrFieldsetEquivalent": "labels",
    },
    Object {
      "description": "Currently 1.11 (for 7.15) since RAC is both an ECS consumer and producer this value SHOULD be the current GA version of ECS when this schema is built/shipped.  NOTE: should not be copied from source documents.",
      "fieldOrFieldSet": "ecs.version",
      "level": "required",
      "signalIndexFieldOrFieldsetEquivalent": "ecs.version",
    },
    Object {
      "description": "always \\"signal\\" for alert documents.  \\"event\\" or \\"metric\\" as appropriate for evaluation documents.  (See https://www.elastic.co/guide/en/ecs/1.11/ecs-allowed-values-event-kind.html#ecs-event-kind-signal)",
      "fieldOrFieldSet": "event.kind",
      "level": "required",
      "signalIndexFieldOrFieldsetEquivalent": "event.kind",
    },
    Object {
      "description": "copied from the source document when available - (future) to be taken from the ML job custom settings category for ML AD rule type.",
      "fieldOrFieldSet": "event.category",
      "level": "recommended",
      "signalIndexFieldOrFieldsetEquivalent": "event.category",
    },
    Object {
      "description": "copied from the source document when available",
      "fieldOrFieldSet": "event.type",
      "level": "recommended",
      "signalIndexFieldOrFieldsetEquivalent": "event.type",
    },
    Object {
      "description": "copied from the source document when available",
      "fieldOrFieldSet": "event.outcome",
      "level": "recommended",
      "signalIndexFieldOrFieldsetEquivalent": "event.outcome",
    },
    Object {
      "description": "ECS agent.* fields copied from the source document when available",
      "fieldOrFieldSet": "agent.*",
      "level": "recommended",
      "signalIndexFieldOrFieldsetEquivalent": "agent.*",
    },
    Object {
      "description": "ECS client.* fields copied from the source document when available",
      "fieldOrFieldSet": "client.*",
      "level": "recommended",
      "signalIndexFieldOrFieldsetEquivalent": "client.*",
    },
    Object {
      "description": "ECS cloud.* fields copied from the source document when available",
      "fieldOrFieldSet": "cloud.*",
      "level": "recommended",
      "signalIndexFieldOrFieldsetEquivalent": "cloud.*",
    },
    Object {
      "description": "ECS container.* fields copied from the source document when available",
      "fieldOrFieldSet": "container.*",
      "level": "recommended",
      "signalIndexFieldOrFieldsetEquivalent": "container.*",
    },
    Object {
      "description": "ECS data_stream.* fields copied from the source document when available. NOTE: These fields may be constant keywords in the source documents, but they need to be copied into the alerts documents as keywords",
      "fieldOrFieldSet": "data_stream.*",
      "level": "recommended",
      "signalIndexFieldOrFieldsetEquivalent": "data_stream.*",
    },
    Object {
      "description": "ECS destination.* fields copied from the source document when available",
      "fieldOrFieldSet": "destination.*",
      "level": "recommended",
      "signalIndexFieldOrFieldsetEquivalent": "destination.*",
    },
    Object {
      "description": "ECS dll.* fields copied from the source document when available",
      "fieldOrFieldSet": "dll.*",
      "level": "recommended",
      "signalIndexFieldOrFieldsetEquivalent": "dll.*",
    },
    Object {
      "description": "ECS dns.* fields copied from the source document when available",
      "fieldOrFieldSet": "dns.*",
      "level": "recommended",
      "signalIndexFieldOrFieldsetEquivalent": "dns.*",
    },
    Object {
      "description": "ECS error.* fields copied from the source document when available",
      "fieldOrFieldSet": "error.*",
      "level": "recommended",
      "signalIndexFieldOrFieldsetEquivalent": "error.*",
    },
    Object {
      "description": "ECS event.* fields copied from the source document when available.  NOTE: categorization fields above (event.kind, event.category, event.type, event.outcome) are listed separately above.",
      "fieldOrFieldSet": "event.*",
      "level": "recommended",
      "signalIndexFieldOrFieldsetEquivalent": "event.*",
    },
    Object {
      "description": "ECS file.* fields copied from the source document when available",
      "fieldOrFieldSet": "file.*",
      "level": "recommended",
      "signalIndexFieldOrFieldsetEquivalent": "file.*",
    },
    Object {
      "description": "ECS group.* fields copied from the source document when available",
      "fieldOrFieldSet": "group.*",
      "level": "recommended",
      "signalIndexFieldOrFieldsetEquivalent": "group.*",
    },
    Object {
      "description": "ECS host.* fields copied from the source document when available",
      "fieldOrFieldSet": "host.*",
      "level": "recommended",
      "signalIndexFieldOrFieldsetEquivalent": "host.*",
    },
    Object {
      "description": "ECS http.* fields copied from the source document when available",
      "fieldOrFieldSet": "http.*",
      "level": "recommended",
      "signalIndexFieldOrFieldsetEquivalent": "http.*",
    },
    Object {
      "description": "ECS log.* fields copied from the source document when available",
      "fieldOrFieldSet": "log.*",
      "level": "recommended",
      "signalIndexFieldOrFieldsetEquivalent": "log.*",
    },
    Object {
      "description": "ECS network.* fields copied from the source document when available",
      "fieldOrFieldSet": "network.*",
      "level": "recommended",
      "signalIndexFieldOrFieldsetEquivalent": "network.*",
    },
    Object {
      "description": "ECS observer.* fields copied from the source document when available",
      "fieldOrFieldSet": "observer.*",
      "level": "recommended",
      "signalIndexFieldOrFieldsetEquivalent": "observer.*",
    },
    Object {
      "description": "ECS orchestrator.* fields copied from the source document when available",
      "fieldOrFieldSet": "orchestrator.*",
      "level": "recommended",
      "signalIndexFieldOrFieldsetEquivalent": "orchestrator.*",
    },
    Object {
      "description": "ECS organization.* fields copied from the source document when available",
      "fieldOrFieldSet": "organization.*",
      "level": "recommended",
      "signalIndexFieldOrFieldsetEquivalent": "organization.*",
    },
    Object {
      "description": "ECS package.* fields copied from the source document when available",
      "fieldOrFieldSet": "package.*",
      "level": "recommended",
      "signalIndexFieldOrFieldsetEquivalent": "package.*",
    },
    Object {
      "description": "ECS process.* fields copied from the source document when available",
      "fieldOrFieldSet": "process.*",
      "level": "recommended",
      "signalIndexFieldOrFieldsetEquivalent": "process.*",
    },
    Object {
      "description": "ECS registry.* fields copied from the source document when available",
      "fieldOrFieldSet": "registry.*",
      "level": "recommended",
      "signalIndexFieldOrFieldsetEquivalent": "registry.*",
    },
    Object {
      "description": "ECS related.* fields copied from the source document when available",
      "fieldOrFieldSet": "related.*",
      "level": "recommended",
      "signalIndexFieldOrFieldsetEquivalent": "related.*",
    },
    Object {
      "description": "ECS rule.* fields copied from the source document when available.  NOTE: These are not about the rule that generated this alert!",
      "fieldOrFieldSet": "rule.*",
      "level": "recommended",
      "signalIndexFieldOrFieldsetEquivalent": "rule.*",
    },
    Object {
      "description": "ECS server.* fields copied from the source document when available",
      "fieldOrFieldSet": "server.*",
      "level": "recommended",
      "signalIndexFieldOrFieldsetEquivalent": "server.*",
    },
    Object {
      "description": "ECS service.* fields copied from the source document when available",
      "fieldOrFieldSet": "service.*",
      "level": "recommended",
      "signalIndexFieldOrFieldsetEquivalent": "service.*",
    },
    Object {
      "description": "ECS source.* fields copied from the source document when available",
      "fieldOrFieldSet": "source.*",
      "level": "recommended",
      "signalIndexFieldOrFieldsetEquivalent": "source.*",
    },
    Object {
      "description": "ECS span.* fields copied from the source document when available",
      "fieldOrFieldSet": "span.*",
      "level": "recommended",
      "signalIndexFieldOrFieldsetEquivalent": "span.*",
    },
    Object {
      "description": "ECS threat.* fields copied from the source document when available",
      "fieldOrFieldSet": "threat.*",
      "level": "recommended",
      "signalIndexFieldOrFieldsetEquivalent": "threat.*",
    },
    Object {
      "description": "ECS tls.* fields copied from the source document when available",
      "fieldOrFieldSet": "tls.*",
      "level": "recommended",
      "signalIndexFieldOrFieldsetEquivalent": "tls.*",
    },
    Object {
      "description": "ECS trace.* fields copied from the source document when available",
      "fieldOrFieldSet": "trace.*",
      "level": "recommended",
      "signalIndexFieldOrFieldsetEquivalent": "trace.*",
    },
    Object {
      "description": "ECS transaction.* fields copied from the source document when available",
      "fieldOrFieldSet": "transaction.*",
      "level": "recommended",
      "signalIndexFieldOrFieldsetEquivalent": "transaction.*",
    },
    Object {
      "description": "ECS url.* fields copied from the source document when available",
      "fieldOrFieldSet": "url.*",
      "level": "recommended",
      "signalIndexFieldOrFieldsetEquivalent": "url.*",
    },
    Object {
      "description": "ECS user.* fields copied from the source document when available",
      "fieldOrFieldSet": "user.*",
      "level": "recommended",
      "signalIndexFieldOrFieldsetEquivalent": "user.*",
    },
    Object {
      "description": "ECS user_agent.* fields copied from the source document when available",
      "fieldOrFieldSet": "user_agent.*",
      "level": "recommended",
      "signalIndexFieldOrFieldsetEquivalent": "user_agent.*",
    },
    Object {
      "description": "ECS vulnerability.* fields copied from the source document when available",
      "fieldOrFieldSet": "vulnerability.*",
      "level": "recommended",
      "signalIndexFieldOrFieldsetEquivalent": "vulnerability.*",
    },
    Object {
      "description": "Did we decide that we don't want a version going forward?  How do we migrate this field?",
      "fieldOrFieldSet": "kibana.alert._meta_version",
      "level": "optional",
      "signalIndexFieldOrFieldsetEquivalent": "signal._meta_version",
    },
    Object {
      "description": "Do we need to preserve this for rules on alerts use cases?  ACTION: Marshall to check to see if this was needed.",
      "fieldOrFieldSet": "kibana.alert.depth",
      "level": "optional",
      "signalIndexFieldOrFieldsetEquivalent": "signal.depth",
    },
    Object {
      "description": "Copied from the source event (@timestamp)",
      "fieldOrFieldSet": "kibana.alert.original_time",
      "level": "optional",
      "signalIndexFieldOrFieldsetEquivalent": "signal.original_time",
    },
    Object {
      "description": "Time, in (units?), during which the rule's system_status was \\"active.\\"   Not used by Persistent class rule_types.   (NEW - Needs discussion)",
      "fieldOrFieldSet": "kibana.alert.duration",
      "level": "optional",
      "signalIndexFieldOrFieldsetEquivalent": undefined,
    },
    Object {
      "description": "Must be one of {open, acknowledged, closed}.",
      "fieldOrFieldSet": "kibana.alert.workflow_status",
      "level": "required",
      "signalIndexFieldOrFieldsetEquivalent": "signal.status",
    },
    Object {
      "description": "The Stack user entity ID of the user that caused the current value of .kibana.alert.workflow_status",
      "fieldOrFieldSet": "kibana.alert.workflow_user",
      "level": "recommended",
      "signalIndexFieldOrFieldsetEquivalent": undefined,
    },
    Object {
      "description": "A solution-specific qualifier as to how/why the current value of kibana.alert.workflow_status was set",
      "fieldOrFieldSet": "kibana.alert.workflow_reason",
      "level": "recommended",
      "signalIndexFieldOrFieldsetEquivalent": undefined,
    },
    Object {
      "description": "PROPOSED - the time when the \`kibana.alert.workflow_status\` is set to \\"open\\" - would also be set when an alert is re-opened.",
      "fieldOrFieldSet": "kibana.alert.workflow_open_time",
      "level": "proposed",
      "signalIndexFieldOrFieldsetEquivalent": undefined,
    },
    Object {
      "description": "PROPOSED - the time when the \`kibana.alert.workflow_status\` is set to \\"acknowledged",
      "fieldOrFieldSet": "kibana.alert.workflow_acknowledged_time",
      "level": "proposed",
      "signalIndexFieldOrFieldsetEquivalent": undefined,
    },
    Object {
      "description": "PROPOSED - the time when the \`kibana.alert.workflow_status\` is set to \\"closed",
      "fieldOrFieldSet": "kibana.alert.workflow_closed_time",
      "level": "proposed",
      "signalIndexFieldOrFieldsetEquivalent": undefined,
    },
    Object {
      "description": "Must be one of {active, recovered}. Persistent rule types would always set this to active.  (NEW - Needs Discussion)",
      "fieldOrFieldSet": "kibana.alert.status",
      "level": "required",
      "signalIndexFieldOrFieldsetEquivalent": undefined,
    },
    Object {
      "description": "Alert severity - populated by the rule_type at alert creation time and can be updated (by Lifecycle class rule_types) during active evaluations.  Must be one of {low, medium, high, critical}",
      "fieldOrFieldSet": "kibana.alert.severity",
      "level": "recommended",
      "signalIndexFieldOrFieldsetEquivalent": undefined,
    },
    Object {
      "description": "Populated by the rule_type at alert creation time and can be updated (by Lifecycle class rule_types) during active evaluations.  Must be a numeric value between 0-100, inclusive.",
      "fieldOrFieldSet": "kibana.alert.risk_score",
      "level": "recommended",
      "signalIndexFieldOrFieldsetEquivalent": undefined,
    },
    Object {
      "description": undefined,
      "fieldOrFieldSet": "kibana.alert.action_group.*",
      "level": "optional",
      "signalIndexFieldOrFieldsetEquivalent": undefined,
    },
    Object {
      "description": "A globally unique ID for the alert - this would be used in both alert and evalution documents, and would thus link the evaluation documents to the alert they were responsible for.  PLACEHOLDER",
      "fieldOrFieldSet": "kibana.alert.uuid",
      "level": "required",
      "signalIndexFieldOrFieldsetEquivalent": undefined,
    },
    Object {
      "description": "does this replace signal.depth?",
      "fieldOrFieldSet": "kibana.alert.ancestors.depth",
      "level": "recommended",
      "signalIndexFieldOrFieldsetEquivalent": "signal.ancestors.depth",
    },
    Object {
      "description": undefined,
      "fieldOrFieldSet": "kibana.alert.ancestors.id",
      "level": "recommended",
      "signalIndexFieldOrFieldsetEquivalent": "signal.ancestors.id",
    },
    Object {
      "description": undefined,
      "fieldOrFieldSet": "kibana.alert.ancestors.index",
      "level": "recommended",
      "signalIndexFieldOrFieldsetEquivalent": "signal.ancestors.index",
    },
    Object {
      "description": undefined,
      "fieldOrFieldSet": "kibana.alert.ancestors.type",
      "level": "recommended",
      "signalIndexFieldOrFieldsetEquivalent": "signal.ancestors.type",
    },
    Object {
      "description": undefined,
      "fieldOrFieldSet": "kibana.alert.ancestors.type",
      "level": "recommended",
      "signalIndexFieldOrFieldsetEquivalent": undefined,
    },
    Object {
      "description": undefined,
      "fieldOrFieldSet": "kibana.alert.original_event.action",
      "level": "recommended",
      "signalIndexFieldOrFieldsetEquivalent": "signal.original_event.action",
    },
    Object {
      "description": undefined,
      "fieldOrFieldSet": "kibana.alert.original_event.category",
      "level": "recommended",
      "signalIndexFieldOrFieldsetEquivalent": "signal.original_event.category",
    },
    Object {
      "description": undefined,
      "fieldOrFieldSet": "kibana.alert.original_event.dataset",
      "level": "recommended",
      "signalIndexFieldOrFieldsetEquivalent": "signal.original_event.dataset",
    },
    Object {
      "description": undefined,
      "fieldOrFieldSet": "kibana.alert.original_event.kind",
      "level": "recommended",
      "signalIndexFieldOrFieldsetEquivalent": "signal.original_event.kind",
    },
    Object {
      "description": undefined,
      "fieldOrFieldSet": "kibana.alert.original_event.module",
      "level": "recommended",
      "signalIndexFieldOrFieldsetEquivalent": "signal.original_event.module",
    },
    Object {
      "description": undefined,
      "fieldOrFieldSet": "kibana.alert.original_event.type",
      "level": "recommended",
      "signalIndexFieldOrFieldsetEquivalent": "signal.original_event.type",
    },
    Object {
      "description": "copy of all fields from the original event if there is one. These fields are not indexed at all, or flattened. NOTE: In addition, some fields are indexed",
      "fieldOrFieldSet": "kibana.alert.original_event.*",
      "level": "recommended",
      "signalIndexFieldOrFieldsetEquivalent": "signal.original_event.*",
    },
    Object {
      "description": "may be dynamically populated/updated at alert creation time, and per evaluation for lifecycle class rule_types.  May use a default value specified by the solution, or by the rule_type, or maybe specified in the rule metadata found at kibana.alert.rule.reason_template",
      "fieldOrFieldSet": "kibana.alert.reason",
      "level": "optional",
      "signalIndexFieldOrFieldsetEquivalent": undefined,
    },
    Object {
      "description": "NEWLY PROPOSED - NEEDS DISCUSSION (Mike P.) similar to kibana.alert.reason, this field would be dynamically populated/updated with a KQL-query that would facilitate the next phase of investigating this alert.  Very similar to timeline template post-substitution.  Requested by our largest security customers that use external SOAR tools that query the alerts indices.  The user request often sounds like \\"I need more data in the alert document\\" but what they really need is a query",
      "fieldOrFieldSet": "kibana.alert.correlation_search",
      "level": "proposed",
      "signalIndexFieldOrFieldsetEquivalent": undefined,
    },
    Object {
      "description": undefined,
      "fieldOrFieldSet": "kibana.alert.rule.author",
      "level": "recommended",
      "signalIndexFieldOrFieldsetEquivalent": "signal.rule.author",
    },
    Object {
      "description": "Populated with string 'default' for \\"building block\\" rules - these rules generate alerts that don't appear in UI by default and are intended to be consumed by other rules",
      "fieldOrFieldSet": "kibana.alert.rule.building_block_type",
      "level": "recommended",
      "signalIndexFieldOrFieldsetEquivalent": "signal.rule.building_block_type",
    },
    Object {
      "description": undefined,
      "fieldOrFieldSet": "kibana.alert.rule.consumer",
      "level": "required",
      "signalIndexFieldOrFieldsetEquivalent": undefined,
    },
    Object {
      "description": undefined,
      "fieldOrFieldSet": "kibana.alert.rule.created_at",
      "level": "recommended",
      "signalIndexFieldOrFieldsetEquivalent": "signal.rule.created_at",
    },
    Object {
      "description": undefined,
      "fieldOrFieldSet": "kibana.alert.rule.created_by",
      "level": "recommended",
      "signalIndexFieldOrFieldsetEquivalent": "signal.rule.created_by",
    },
    Object {
      "description": undefined,
      "fieldOrFieldSet": "kibana.alert.rule.description",
      "level": "recommended",
      "signalIndexFieldOrFieldsetEquivalent": "signal.rule.description",
    },
    Object {
      "description": "This is the boolean from the rule schema used to indicate whether the rule is enabled/disabled.  This value will always be \\"TRUE\\" in alert documents since by definition, if a rule is disabled, it will not generate alerts.",
      "fieldOrFieldSet": "kibana.alert.rule.enabled",
      "level": "recommended",
      "signalIndexFieldOrFieldsetEquivalent": "signal.rule.enabled",
    },
    Object {
      "description": "This field from the rule shema indicates if the rule is muted at the time that this alert is created.  If set to TRUE, then no actions are triggered during the rule execution.",
      "fieldOrFieldSet": "kibana.alert.rule.muted",
      "level": "proposed",
      "signalIndexFieldOrFieldsetEquivalent": undefined,
    },
    Object {
      "description": undefined,
      "fieldOrFieldSet": "kibana.alert.rule.false_positives",
      "level": "recommended",
      "signalIndexFieldOrFieldsetEquivalent": "signal.rule.false_positives",
    },
    Object {
      "description": undefined,
      "fieldOrFieldSet": "kibana.alert.rule.from",
      "level": "recommended",
      "signalIndexFieldOrFieldsetEquivalent": "signal.rule.from",
    },
    Object {
      "description": "ID shared by all alerts within a group - currently used by EQL sequences to link the individual docs in the sequence together",
      "fieldOrFieldSet": "kibana.alert.group.id",
      "level": "recommended",
      "signalIndexFieldOrFieldsetEquivalent": "signal.group.id",
    },
    Object {
      "description": "Index of the alert within the group (0, 1, etc). Used to track where the document was found in the sequence.",
      "fieldOrFieldSet": "kibana.alert.group.index",
      "level": "recommended",
      "signalIndexFieldOrFieldsetEquivalent": "signal.group.index",
    },
    Object {
      "description": "Reference to the saved object ID for the rule (legacy ID? new ID? do we need both?)",
      "fieldOrFieldSet": "kibana.alert.rule.id",
      "level": "required",
      "signalIndexFieldOrFieldsetEquivalent": "signal.rule.id",
    },
    Object {
      "description": undefined,
      "fieldOrFieldSet": "kibana.alert.rule.immutable",
      "level": "recommended",
      "signalIndexFieldOrFieldsetEquivalent": "signal.rule.immutable",
    },
    Object {
      "description": undefined,
      "fieldOrFieldSet": "kibana.alert.rule.index",
      "level": "recommended",
      "signalIndexFieldOrFieldsetEquivalent": "signal.rule.index",
    },
    Object {
      "description": undefined,
      "fieldOrFieldSet": "kibana.alert.rule.interval",
      "level": "recommended",
      "signalIndexFieldOrFieldsetEquivalent": "signal.rule.interval",
    },
    Object {
      "description": undefined,
      "fieldOrFieldSet": "kibana.alert.rule.language",
      "level": "recommended",
      "signalIndexFieldOrFieldsetEquivalent": "signal.rule.language",
    },
    Object {
      "description": undefined,
      "fieldOrFieldSet": "kibana.alert.rule.license",
      "level": "recommended",
      "signalIndexFieldOrFieldsetEquivalent": "signal.rule.license",
    },
    Object {
      "description": undefined,
      "fieldOrFieldSet": "kibana.alert.rule.max_signals",
      "level": "recommended",
      "signalIndexFieldOrFieldsetEquivalent": "signal.rule.max_signals",
    },
    Object {
      "description": undefined,
      "fieldOrFieldSet": "kibana.alert.rule.meta.from",
      "level": "recommended",
      "signalIndexFieldOrFieldsetEquivalent": "signal.rule.meta.from",
    },
    Object {
      "description": undefined,
      "fieldOrFieldSet": "kibana.alert.rule.name",
      "level": "recommended",
      "signalIndexFieldOrFieldsetEquivalent": "signal.rule.name",
    },
    Object {
      "description": undefined,
      "fieldOrFieldSet": "kibana.alert.rule.note",
      "level": "recommended",
      "signalIndexFieldOrFieldsetEquivalent": "signal.rule.note",
    },
    Object {
      "description": undefined,
      "fieldOrFieldSet": "kibana.alert.rule.query",
      "level": "recommended",
      "signalIndexFieldOrFieldsetEquivalent": "signal.rule.query",
    },
    Object {
      "description": "This field is a template string that the rule_type may use, substituting values from source document(s) as specified, to create the kibana.alert.reason field above.",
      "fieldOrFieldSet": "kibana.rule.reason_template",
      "level": "proposed",
      "signalIndexFieldOrFieldsetEquivalent": undefined,
    },
    Object {
      "description": undefined,
      "fieldOrFieldSet": "kibana.alert.rule.references",
      "level": "recommended",
      "signalIndexFieldOrFieldsetEquivalent": "signal.rule.references",
    },
    Object {
      "description": "Proposal to keep this here (under ...rule.*).  This is the rule metadata of the rule that created this alert.  For rule_types that don't do overrides or dynamic risk_score calculation, this value will be the same as .kibana.alert.risk_score.",
      "fieldOrFieldSet": "kibana.alert.rule.risk_score",
      "level": "recommended",
      "signalIndexFieldOrFieldsetEquivalent": "signal.rule.risk_score",
    },
    Object {
      "description": undefined,
      "fieldOrFieldSet": "kibana.alert.risk_score_mapping.*",
      "level": "recommended",
      "signalIndexFieldOrFieldsetEquivalent": "signal.rule.risk_score_mapping.*",
    },
    Object {
      "description": "Duplicate of .kibana.alert.rule.id ? (Yara - not a duplicate, rule_id is a separate thing from a rules uuid. It can be specified by the user)",
      "fieldOrFieldSet": "kibana.alert.rule.rule_id",
      "level": "recommended",
      "signalIndexFieldOrFieldsetEquivalent": "signal.rule.rule_id",
    },
    Object {
      "description": undefined,
      "fieldOrFieldSet": "kibana.alert.rule.rule_name_override",
      "level": "recommended",
      "signalIndexFieldOrFieldsetEquivalent": "signal.rule.rule_name_override",
    },
    Object {
      "description": "saved_id rule type is deprecated(? if not officially deprecated, it probably should be as we don't support it through the UI)",
      "fieldOrFieldSet": "kibana.alert.rule.saved_id",
      "level": "optional",
      "signalIndexFieldOrFieldsetEquivalent": "signal.rule.saved_id",
    },
    Object {
      "description": "Proposal to keep this here (under ...rule.*).  This is the rule metadata of the rule that created this alert.  For rule_types that don't do overrides or dynamic severity calculation, this value will be the same as .kibana.alert.severity.",
      "fieldOrFieldSet": "kibana.alert.rule.severity",
      "level": "recommended",
      "signalIndexFieldOrFieldsetEquivalent": "signal.rule.severity",
    },
    Object {
      "description": undefined,
      "fieldOrFieldSet": "kibana.alert.rule.severity_mapping.*",
      "level": "recommended",
      "signalIndexFieldOrFieldsetEquivalent": "signal.rule.severity_mapping.*",
    },
    Object {
      "description": undefined,
      "fieldOrFieldSet": "kibana.alert.rule.tags",
      "level": "recommended",
      "signalIndexFieldOrFieldsetEquivalent": "signal.rule.tags",
    },
    Object {
      "description": "Same structure as ECS threat fields (https://www.elastic.co/guide/en/ecs/current/ecs-threat.html) but includes some beta threat indicator fields as well",
      "fieldOrFieldSet": "kibana.alert.rule.threat.*",
      "level": "recommended",
      "signalIndexFieldOrFieldsetEquivalent": "signal.rule.threat.*",
    },
    Object {
      "description": undefined,
      "fieldOrFieldSet": "kibana.alert.rule.timeline_id",
      "level": "recommended",
      "signalIndexFieldOrFieldsetEquivalent": "signal.rule.timeline_id",
    },
    Object {
      "description": undefined,
      "fieldOrFieldSet": "kibana.alert.rule.timeline_title",
      "level": "recommended",
      "signalIndexFieldOrFieldsetEquivalent": "signal.rule.timeline_title",
    },
    Object {
      "description": undefined,
      "fieldOrFieldSet": "kibana.alert.rule.to",
      "level": "recommended",
      "signalIndexFieldOrFieldsetEquivalent": "signal.rule.to",
    },
    Object {
      "description": "QUESTION: should Stack/Observability rules populate this field in their rule metadata.  OPINION: Yes. This is a user-readable field such as {query, threat_match, eql, metric_threshold, etc.}",
      "fieldOrFieldSet": "kibana.alert.rule.type",
      "level": "recommended",
      "signalIndexFieldOrFieldsetEquivalent": "signal.rule.type",
    },
    Object {
      "description": "Should contain the alerting framework \\"ruleTypeId\\" for RBAC use. Proposal: kibana.alert.rule.type remains as a place for solutions to store more rule type information, like a subtype for example",
      "fieldOrFieldSet": "kibana.alert.rule.rule_type_id",
      "level": "required",
      "signalIndexFieldOrFieldsetEquivalent": undefined,
    },
    Object {
      "description": undefined,
      "fieldOrFieldSet": "kibana.alert.rule.updated_at",
      "level": "recommended",
      "signalIndexFieldOrFieldsetEquivalent": "signal.rule.updated_at",
    },
    Object {
      "description": undefined,
      "fieldOrFieldSet": "kibana.alert.rule.updated_by",
      "level": "recommended",
      "signalIndexFieldOrFieldsetEquivalent": "signal.rule.updated_by",
    },
    Object {
      "description": undefined,
      "fieldOrFieldSet": "kibana.alert.rule.version",
      "level": "recommended",
      "signalIndexFieldOrFieldsetEquivalent": "signal.rule.version",
    },
  ],
  Array [
    "Omitting a record because it's fieldOrFieldSet is 'None': {\\"Last Updated: 13-Aug-21\\":\\"\\",\\"Signal field(s)\\":\\"signal.parent.depth\\",\\"Alerts-as-Data Field(s)\\":\\"None\\",\\"Required for all rule types\\":\\"\\",\\"Required for Security, Recommended for all rule types\\":\\"\\",\\"Optional\\":\\"\\",\\"Proposed (beyond 7.15)\\":\\"\\",\\"Implemented Pre-FF 7.15\\":\\"\\",\\"Gaps (to be resolved)\\":\\"\\",\\"Max # of fields\\":0,\\"AAD field definition\\":\\"Use the .kibana.alert.ancestor.* fields instead\\"}.",
    "Omitting a record because it's fieldOrFieldSet is 'None': {\\"Last Updated: 13-Aug-21\\":\\"\\",\\"Signal field(s)\\":\\"signal.parent.id\\",\\"Alerts-as-Data Field(s)\\":\\"None\\",\\"Required for all rule types\\":\\"\\",\\"Required for Security, Recommended for all rule types\\":\\"\\",\\"Optional\\":\\"\\",\\"Proposed (beyond 7.15)\\":\\"\\",\\"Implemented Pre-FF 7.15\\":\\"\\",\\"Gaps (to be resolved)\\":\\"\\",\\"Max # of fields\\":0,\\"AAD field definition\\":\\"Use the .kibana.alert.ancestor.* fields instead\\"}.",
    "Omitting a record because it's fieldOrFieldSet is 'None': {\\"Last Updated: 13-Aug-21\\":\\"\\",\\"Signal field(s)\\":\\"signal.parent.index\\",\\"Alerts-as-Data Field(s)\\":\\"None\\",\\"Required for all rule types\\":\\"\\",\\"Required for Security, Recommended for all rule types\\":\\"\\",\\"Optional\\":\\"\\",\\"Proposed (beyond 7.15)\\":\\"\\",\\"Implemented Pre-FF 7.15\\":\\"\\",\\"Gaps (to be resolved)\\":\\"\\",\\"Max # of fields\\":0,\\"AAD field definition\\":\\"Use the .kibana.alert.ancestor.* fields instead\\"}.",
    "Omitting a record because it's fieldOrFieldSet is 'None': {\\"Last Updated: 13-Aug-21\\":\\"\\",\\"Signal field(s)\\":\\"signal.parent.type\\",\\"Alerts-as-Data Field(s)\\":\\"None\\",\\"Required for all rule types\\":\\"\\",\\"Required for Security, Recommended for all rule types\\":\\"\\",\\"Optional\\":\\"\\",\\"Proposed (beyond 7.15)\\":\\"\\",\\"Implemented Pre-FF 7.15\\":\\"\\",\\"Gaps (to be resolved)\\":\\"\\",\\"Max # of fields\\":0,\\"AAD field definition\\":\\"Use the .kibana.alert.ancestor.* fields instead\\"}.",
    "Omitting a record because it's fieldOrFieldSet is 'None': {\\"Last Updated: 13-Aug-21\\":\\"\\",\\"Signal field(s)\\":\\"signal.parents.depth\\",\\"Alerts-as-Data Field(s)\\":\\"None\\",\\"Required for all rule types\\":\\"\\",\\"Required for Security, Recommended for all rule types\\":\\"\\",\\"Optional\\":\\"\\",\\"Proposed (beyond 7.15)\\":\\"\\",\\"Implemented Pre-FF 7.15\\":\\"\\",\\"Gaps (to be resolved)\\":\\"\\",\\"Max # of fields\\":0,\\"AAD field definition\\":\\"Use the .kibana.alert.ancestor.* fields instead\\"}.",
    "Omitting a record because it's fieldOrFieldSet is 'None': {\\"Last Updated: 13-Aug-21\\":\\"\\",\\"Signal field(s)\\":\\"signal.parents.id\\",\\"Alerts-as-Data Field(s)\\":\\"None\\",\\"Required for all rule types\\":\\"\\",\\"Required for Security, Recommended for all rule types\\":\\"\\",\\"Optional\\":\\"\\",\\"Proposed (beyond 7.15)\\":\\"\\",\\"Implemented Pre-FF 7.15\\":\\"\\",\\"Gaps (to be resolved)\\":\\"\\",\\"Max # of fields\\":0,\\"AAD field definition\\":\\"Use the .kibana.alert.ancestor.* fields instead\\"}.",
    "Omitting a record because it's fieldOrFieldSet is 'None': {\\"Last Updated: 13-Aug-21\\":\\"\\",\\"Signal field(s)\\":\\"signal.parents.index\\",\\"Alerts-as-Data Field(s)\\":\\"None\\",\\"Required for all rule types\\":\\"\\",\\"Required for Security, Recommended for all rule types\\":\\"\\",\\"Optional\\":\\"\\",\\"Proposed (beyond 7.15)\\":\\"\\",\\"Implemented Pre-FF 7.15\\":\\"\\",\\"Gaps (to be resolved)\\":\\"\\",\\"Max # of fields\\":0,\\"AAD field definition\\":\\"Use the .kibana.alert.ancestor.* fields instead\\"}.",
    "Omitting a record because it's fieldOrFieldSet is 'None': {\\"Last Updated: 13-Aug-21\\":\\"\\",\\"Signal field(s)\\":\\"signal.parents.type\\",\\"Alerts-as-Data Field(s)\\":\\"None\\",\\"Required for all rule types\\":\\"\\",\\"Required for Security, Recommended for all rule types\\":\\"\\",\\"Optional\\":\\"\\",\\"Proposed (beyond 7.15)\\":\\"\\",\\"Implemented Pre-FF 7.15\\":\\"\\",\\"Gaps (to be resolved)\\":\\"\\",\\"Max # of fields\\":0,\\"AAD field definition\\":\\"Use the .kibana.alert.ancestor.* fields instead\\"}.",
    "Omitting a record because it's fieldOrFieldSet is 'None': {\\"Last Updated: 13-Aug-21\\":\\"\\",\\"Signal field(s)\\":\\"signal.rule.output_index\\",\\"Alerts-as-Data Field(s)\\":\\"None\\",\\"Required for all rule types\\":\\"\\",\\"Required for Security, Recommended for all rule types\\":\\"\\",\\"Optional\\":\\"\\",\\"Proposed (beyond 7.15)\\":\\"\\",\\"Implemented Pre-FF 7.15\\":\\"\\",\\"Gaps (to be resolved)\\":\\"\\",\\"Max # of fields\\":1,\\"AAD field definition\\":\\"Field not supported in RAC implementation - roughly replaced by namespace option\\"}.",
  ],
]
`;
