// Jest Snapshot v1, https://goo.gl/fbAQLP

exports[`#get class of "" 1`] = `"class is required and must be a string"`;

exports[`#get class of "{}" 1`] = `"class is required and must be a string"`;

exports[`#get class of "1" 1`] = `"class is required and must be a string"`;

exports[`#get class of "null" 1`] = `"class is required and must be a string"`;

exports[`#get class of "true" 1`] = `"class is required and must be a string"`;

exports[`#get class of "undefined" 1`] = `"class is required and must be a string"`;

exports[`#get operation of "" 1`] = `"operation is required and must be a string"`;

exports[`#get operation of "{}" 1`] = `"operation is required and must be a string"`;

exports[`#get operation of "1" 1`] = `"operation is required and must be a string"`;

exports[`#get operation of "null" 1`] = `"operation is required and must be a string"`;

exports[`#get operation of "true" 1`] = `"operation is required and must be a string"`;

exports[`#get operation of "undefined" 1`] = `"operation is required and must be a string"`;
