// Jest Snapshot v1, https://goo.gl/fbAQLP

exports[`OverviewPageFooter render 1`] = `""`;
